[1mClone found (tsx)[22m
 - [1m[32m[39m[22m [41:42 - 65:32] (25 lines, 177 tokens)
    [44:41 - 68:32]
[1mClone found (typescript)[22m
 - [1m[32m[39m[22m [316:13 - 338:22] (23 lines, 155 tokens)
    [300:48 - 322:22]
[90m┌────────────┬────────────────┬─────────────┬──────────────┬──────────────┬──────────────────┬───────────────────┐[39m
[90m│[39m[31m Format     [39m[90m│[39m[31m Files analyzed [39m[90m│[39m[31m Total lines [39m[90m│[39m[31m Total tokens [39m[90m│[39m[31m Clones found [39m[90m│[39m[31m Duplicated lines [39m[90m│[39m[31m Duplicated tokens [39m[90m│[39m
[90m├────────────┼────────────────┼─────────────┼──────────────┼──────────────┼──────────────────┼───────────────────┤[39m
[90m│[39m tsx        [90m│[39m 17             [90m│[39m 2743        [90m│[39m 17372        [90m│[39m 1            [90m│[39m 24 (0.87%)       [90m│[39m 177 (1.02%)       [90m│[39m
[90m├────────────┼────────────────┼─────────────┼──────────────┼──────────────┼──────────────────┼───────────────────┤[39m
[90m│[39m typescript [90m│[39m 27             [90m│[39m 5928        [90m│[39m 34129        [90m│[39m 1            [90m│[39m 22 (0.37%)       [90m│[39m 155 (0.45%)       [90m│[39m
[90m├────────────┼────────────────┼─────────────┼──────────────┼──────────────┼──────────────────┼───────────────────┤[39m
[90m│[39m [1mTotal:[22m     [90m│[39m 44             [90m│[39m 8671        [90m│[39m 51501        [90m│[39m 2            [90m│[39m 46 (0.53%)       [90m│[39m 332 (0.64%)       [90m│[39m
[90m└────────────┴────────────────┴─────────────┴──────────────┴──────────────┴──────────────────┴───────────────────┘[39m
[90mFound 2 clones.[39m
[90mtime: 128.535ms[39m

[90m💡 Auto-refactor with AI: [1m[39mnpx skills add https://github.com/kucherenko/jscpd --skill dry-refactoring[90m[22m
[90m🎩 New: Gangsta Agents — discipline your AI coding → gangsta.page[39m
[90m💖 Support jscpd project → https://opencollective.com/jscpd[39m
