[WARN] Unsupported engine: wanted: {"node":">=22.17 <23"} (current: {"node":"v24.14.0","pnpm":"11.16.0"})
Scope: all 12 workspace projects
✓ Lockfile passes supply-chain policies (verified 3m ago)
Lockfile is up to date, resolution step is skipped
Already up to date

Done in 697ms using pnpm v11.16.0
$ corepack pnpm@11.11.0 -r run build
Scope: 11 of 12 workspace projects
apps/web build$ tsc -p tsconfig.json --noEmit && vite build
packages/config build$ tsc -p tsconfig.json --noEmit
packages/contracts build$ tsc -p tsconfig.json --noEmit
packages/domain build$ tsc -p tsconfig.json --noEmit
packages/contracts build: Done
packages/domain build: Done
packages/testing build$ tsc -p tsconfig.json --noEmit
packages/config build: Done
packages/testing build: Done
apps/web build: vite v7.1.7 building for production...
apps/web build: transforming...
apps/web build: ✓ 1772 modules transformed.
apps/web build: rendering chunks...
apps/web build: computing gzip size...
apps/web build: dist/index.html                                  1.44 kB │ gzip:   0.80 kB
apps/web build: dist/assets/qianliu-logo-primary-By9IDn8v.png  789.27 kB
apps/web build: dist/assets/index-KL-z_VEr.css                  27.18 kB │ gzip:   6.04 kB
apps/web build: dist/assets/index-50OAD0SW.js                  633.08 kB │ gzip: 179.44 kB
apps/web build: (!) Some chunks are larger than 500 kB after minification. Consider:
apps/web build: - Using dynamic import() to code-split the application
apps/web build: - Use build.rollupOptions.output.manualChunks to improve chunking: https://rollupjs.org/configuration-options/#output-manualchunks
apps/web build: - Adjust chunk size limit for this warning via build.chunkSizeWarningLimit.
apps/web build: ✓ built in 2.31s
apps/web build: Done
packages/observability build$ tsc -p tsconfig.json --noEmit
packages/provider-adapters build$ tsc -p tsconfig.json --noEmit
packages/observability build: Done
packages/provider-adapters build: Done
packages/database build$ tsc -p tsconfig.json --noEmit
packages/database build: Done
apps/worker build$ tsc -p tsconfig.json
apps/gateway build$ tsc -p tsconfig.json
apps/control-api build$ tsc -p tsconfig.json
apps/worker build: Done
apps/control-api build: Done
apps/gateway build: Done
