
 RUN  v3.2.4 /Users/mac/Projects/仟流智算-provider-finance-main-integration-20260925/packages/database

 ✓ src/__tests-integration__/provider-finance-repository.integration.test.ts (8 tests) 4216ms
 ✓ src/__tests-integration__/w20-final-migration.integration.test.ts (2 tests) 8262ms
   ✓ W20-10 0045 到 0051 升级、回退与读模型重建 > 同一 1.0 数据可升级、重建派生聚合、允许条件下 down 并再次升级  4874ms
   ✓ W20-10 0045 到 0051 升级、回退与读模型重建 > 0053 已有期初余额事实时拒绝破坏性回退  1842ms
 ✓ src/__tests-integration__/pool046-zhipu-window-alias-migration.test.ts (1 test) 6371ms
   ✓ POOL-046 0045 智谱时段与 alias 迁移 > 只迁移目标配置、保持历史账本不变，并支持幂等 up/down 与重放  4664ms
 ✓ src/__tests-integration__/pool043-model-identity-migration.test.ts (1 test) 6111ms
   ✓ POOL-043 稳定模型身份迁移 > 只按可证明 alias 回填，保留历史 alias、未知 NULL 和企业组合外键，并可回滚  4485ms
 ✓ src/__tests-integration__/provider-finance-activation-apply.integration.test.ts (15 tests) 5836ms
   ✓ PF-INIT WP03：企业级原子激活 > 零 Token 但费用未知的失败与成功 API 行都使资金预检 NO_GO  1671ms
 ✓ src/__tests-integration__/provider-finance-cutover.integration.test.ts (3 tests) 5619ms
   ✓ provider finance cutover rehearsal > reports manual blockers and only backfills four allowed usage fields  3279ms
   ✓ provider finance cutover rehearsal > returns GO candidate only when opening, monthly and balance conservation are complete  402ms
 ✓ src/__tests-integration__/exception-center-contract.integration.test.ts (55 tests) 5902ms
   ✓ migration 0070 refuses rollback once any real recovery evidence exists  1109ms
 ✓ src/__tests-integration__/provider-finance-ledger.integration.test.ts (3 tests) 5438ms
   ✓ 0059 provider finance ledger contract > enforces tenant, mode, signed adjustment, immutable facts and exact reversal  1867ms
   ✓ 0059 provider finance ledger contract > blocks destructive rollback after provider finance facts exist  1630ms
 ✓ src/__tests-integration__/operating-feedback.integration.test.ts (8 tests) 4437ms
   ✓ failed zero-consumption API record cannot hide known spending; a real unpriced response preserves the known subtotal  330ms
 ✓ src/__tests-integration__/operating-analysis.integration.test.ts (5 tests) 3943ms
   ✓ 经营分析真实数据链 > YTD、各月系统人数、实付和充值到账保持独立，峰值使用真实月度 Token  315ms

 Test Files  10 passed (10)
      Tests  101 passed (101)
   Start at  21:15:15
   Duration  135.63s (transform 2.40s, setup 0ms, collect 70.52s, tests 56.13s, environment 1ms, prepare 3.57s)

