
 RUN  v3.2.4 /Users/mac/Projects/仟流智算-provider-finance-init-20260921/packages/database

 ✓ src/__tests-integration__/provider-finance-activation-apply.integration.test.ts > PF-INIT WP03：企业级原子激活 > 激活成功：事实落库、严格写开启、范围资源 READY、候选 ACTIVATED 与不可变回执；同键同候选重放 1000ms
 ✓ src/__tests-integration__/provider-finance-activation-apply.integration.test.ts > PF-INIT WP03：企业级原子激活 > 幂等冲突：同键不同候选 IDEMPOTENCY_CONFLICT；已激活不同请求 ALREADY_ACTIVATED 165ms
 ✓ src/__tests-integration__/provider-finance-activation-apply.integration.test.ts > PF-INIT WP03：企业级原子激活 > legacy 锁与 v1 锁：任一被占用即立即 409 ACTIVATION_IN_PROGRESS，释放后恢复正常 229ms
 ✓ src/__tests-integration__/provider-finance-activation-apply.integration.test.ts > PF-INIT WP03：企业级原子激活 > 双管理员并发激活：最多一组初始化事实与一个激活结果，另一请求失败关闭 160ms
 ✓ src/__tests-integration__/provider-finance-activation-apply.integration.test.ts > PF-INIT WP03：企业级原子激活 > 静默门禁：无租约、剩余不足 5 分钟、未排空都拒绝且零写入 243ms
 ✓ src/__tests-integration__/provider-finance-activation-apply.integration.test.ts > PF-INIT WP03：企业级原子激活 > 候选已冻结的切换后未结算可修复行可通过排空并在同一事务修复；在途请求与未结束 Attempt 不豁免 248ms
 ✓ src/__tests-integration__/provider-finance-activation-apply.integration.test.ts > PF-INIT WP03：企业级原子激活 > 排空豁免只认候选冻结行：预检后出现的同形状行与新行都被挡下且不被修复 192ms
 ✓ src/__tests-integration__/provider-finance-activation-apply.integration.test.ts > PF-INIT WP03：企业级原子激活 > 候选过期 409 CANDIDATE_EXPIRED；预检后新增事实 409 CANDIDATE_STALE 且零写入 208ms
 ✓ src/__tests-integration__/provider-finance-activation-apply.integration.test.ts > PF-INIT WP03：企业级原子激活 > 固定修复行集只锁定候选主键：新增行不会被吸收，也不放行激活 162ms
 ✓ src/__tests-integration__/provider-finance-activation-apply.integration.test.ts > PF-INIT WP03：企业级原子激活 > 允许字段直测：settled_at 可修复，非目标字段改动被逐行哈希挡住 153ms
 ✓ src/__tests-integration__/provider-finance-activation-apply.integration.test.ts > PF-INIT WP03：企业级原子激活 > 中途故障整体回滚；进程提交前退出时候选保持 PREVIEWED 且不存在 ACTIVATING 195ms
 ✓ src/__tests-integration__/provider-finance-activation-apply.integration.test.ts > PF-INIT WP03：企业级原子激活 > 40001 覆盖语句与提交边界、40P01 覆盖语句边界，均映射为 ACTIVATION_RETRY_REQUIRED，且协调器零自动重试 84ms
 ✓ src/__tests-integration__/provider-finance-activation-apply.integration.test.ts > PF-INIT WP03：企业级原子激活 > Coding Plan 购买、跨切换周期与旧记录 MIGRATED 关闭：周期唯一归属且关闭有不可变映射 179ms

 Test Files  1 passed (1)
      Tests  13 passed (13)
   Start at  04:48:28
   Duration  7.69s (transform 818ms, setup 0ms, collect 1.69s, tests 5.76s, environment 0ms, prepare 62ms)

JSON report written to /tmp/wp06p/6.1-targeted.json
EXIT=0
