# WP06 6.2 worker 全量（单测 19 + 集成 3）| HEAD=ddd1fc2f54ec254c6eb77825f0bc7d47d61317f8 | 2026-09-21T20:39:51Z
# cmd: cd apps/worker && pnpm exec vitest run --config ../../vitest.config.ts

 RUN  v3.2.4 /Users/mac/Projects/仟流智算-provider-finance-init-20260921/apps/worker

 ✓ src/directory/connector.test.ts (11 tests) 43ms
 ✓ src/reporting/__tests__/format-utils.test.ts (20 tests) 31ms
stderr | src/runtime-assurance/infrastructure-probes.test.ts > checks both HTTP failures, absent bodies and the default environment/fetch paths
{"event":"infrastructure_health_failed","task":"health:gateway"}

stderr | src/runtime-assurance/infrastructure-probes.test.ts > checks both HTTP failures, absent bodies and the default environment/fetch paths
{"event":"infrastructure_health_failed","task":"health:control-api"}

stderr | src/runtime-assurance/infrastructure-probes.test.ts > checks both HTTP failures, absent bodies and the default environment/fetch paths
{"event":"infrastructure_health_failed","task":"health:database"}

 ✓ src/runtime-assurance/infrastructure-probes.test.ts (6 tests) 20ms
 ✓ src/runtime-assurance/scheduler-loop.test.ts (6 tests) 19ms
 ✓ src/runtime-assurance/__tests__/wecom-client-media.test.ts (3 tests) 5ms
stderr | src/runtime-assurance/infrastructure-redis.test.ts > real Redis connection handles PONG and closes every socket
{"event":"infrastructure_health_failed","task":"health:database"}

stderr | src/runtime-assurance/infrastructure-redis.test.ts > real Redis connection handles ERROR and closes every socket
{"event":"infrastructure_health_failed","task":"health:redis"}

stderr | src/runtime-assurance/infrastructure-redis.test.ts > real Redis connection handles ERROR and closes every socket
{"event":"infrastructure_health_failed","task":"health:database"}

stderr | src/runtime-assurance/infrastructure-redis.test.ts > real Redis connection handles SILENT and closes every socket
{"event":"infrastructure_health_failed","task":"health:redis"}

stderr | src/runtime-assurance/infrastructure-redis.test.ts > real Redis connection handles SILENT and closes every socket
{"event":"infrastructure_health_failed","task":"health:database"}

 ✓ src/runtime-assurance/infrastructure-redis.test.ts (3 tests) 2780ms
   ✓ real Redis connection handles SILENT and closes every socket  2601ms
 ✓ src/reporting/__tests__/report-jobs.test.ts (4 tests) 42ms
stderr | src/runtime-assurance/observed-task.test.ts > database failure does not replace the original error; recovery flushes the pending failure first
{"event":"task_fault_record_unavailable","task":"task"}

 ✓ src/runtime-assurance/observed-task.test.ts (3 tests) 16ms
 ✓ src/runtime-assurance/scheduler.test.ts (4 tests) 195ms
 ✓ src/usage-aggregate/runner.test.ts (2 tests) 12ms
 ✓ src/reporting/__tests__/quote-library.test.ts (6 tests) 21ms
 ✓ src/reporting/__tests__/daily-token-report.test.ts (2 tests) 3292ms
   ✓ Daily Token Report Image Generator > renderSvgToPng: 将 SVG 转换为有效的 PNG 格式 Buffer  3215ms
stderr | src/runtime-assurance/infrastructure-checks.test.ts > probes internal services read-only and isolates each failure
{"event":"infrastructure_health_failed","task":"health:gateway"}

stderr | src/runtime-assurance/infrastructure-checks.test.ts > probes internal services read-only and isolates each failure
{"event":"infrastructure_health_failed","task":"health:redis"}

 ✓ src/runtime-assurance/infrastructure-checks.test.ts (2 tests) 5ms
 ✓ src/runtime-assurance/scheduled-tasks.test.ts (2 tests) 8ms
 ✓ src/subscription-renewal/runner.test.ts (3 tests) 13ms
 ✓ src/reporting/__tests__/svg-templates.test.ts (6 tests) 24109ms
   ✓ SVG Templates & PNG Rendering Pipeline > 场景一：generatePersonalWeeklySvg (个人周报小结)  4168ms
   ✓ SVG Templates & PNG Rendering Pipeline > 场景一：generatePersonalWeeklySvg 支持 5 项指标自适应收缩  3649ms
   ✓ SVG Templates & PNG Rendering Pipeline > 场景二：generateCompanyWeeklySvg (全员用量看板)  5109ms
   ✓ SVG Templates & PNG Rendering Pipeline > 场景三(a)：generateIncentiveTop1Svg (登顶第 1 名流动红旗)  3764ms
   ✓ SVG Templates & PNG Rendering Pipeline > 场景三(b)：generateIncentiveOver50Svg (超越 50% 员工成长卡)  3302ms
   ✓ SVG Templates & PNG Rendering Pipeline > 场景四：generateDailyTokenReportSvg (全员 Token 消费日报纯白竖版)  4094ms
 ✓ src/operating-bill/runner.test.ts (1 test) 5ms
stderr | src/coding-plan-quota/runner.test.ts > Coding Plan 额度同步恢复 > 额度成功不解除凭证隔离，并按间隔继续同步额度事实
{"event":"quota_sync_success","resource_id":"278f3f30-d6aa-4004-9570-c9c98c95c40d","provider":"kimi","windows":2}

stderr | src/coding-plan-quota/runner.test.ts > Coding Plan 额度同步恢复 > 额度成功不解除凭证隔离，并按间隔继续同步额度事实
{"event":"quota_sync_success","resource_id":"278f3f30-d6aa-4004-9570-c9c98c95c40d","provider":"kimi","windows":2}

 ✓ src/provider-operating-sync/runner.test.ts (1 test) 28256ms
   ✓ POOL20-025 每日经营同步 > 成功追加不可变快照；同日幂等；失败只留原因并保鲜最后成功值  2789ms
stderr | src/coding-plan-quota/runner.test.ts > Coding Plan 额度同步恢复 > 智谱周窗口不支持时，以可知的 5 小时窗口自动恢复
{"event":"quota_sync_success","resource_id":"bfa5b714-98b1-4e03-b5b1-eb7f3b7ca0ed","provider":"zhipu","windows":2}

 ✓ src/__tests-integration__/directory-sync-worker.test.ts (2 tests) 28549ms
   ✓ directory sync worker > 凭证只在内存解密，通过统一 staging/apply 完成部分成功且重复快照不重复建人  3106ms
stderr | src/__tests-integration__/runtime-assurance-worker.test.ts > RA-W05A/W05B/W06 Worker 闭环 > 调度循环成功和失败均更新健康状态并响应停止信号
{"event":"runtime_assurance_tick_failed","error_type":"TypeError"}

 ✓ src/coding-plan-quota/runner.test.ts (2 tests) 28067ms
   ✓ Coding Plan 额度同步恢复 > 额度成功不解除凭证隔离，并按间隔继续同步额度事实  2387ms
   ✓ Coding Plan 额度同步恢复 > 智谱周窗口不支持时，以可知的 5 小时窗口自动恢复  414ms
 ✓ src/__tests-integration__/provider-finance-quiescence-worker.integration.test.ts (3 tests) 28257ms
   ✓ PF-INIT WP04：Worker 静默跳过与自动恢复 > 厂商经营同步：静默期内零扫描零快照零 attempt，跨企业时只跳过目标企业  530ms
 ✓ src/__tests-integration__/runtime-assurance-worker.test.ts (5 tests) 28621ms
   ✓ RA-W05A/W05B/W06 Worker 闭环 > 无页面访问自动恢复，触发／恢复各向本人 userid 发送一次  551ms

 Test Files  22 passed (22)
      Tests  97 passed (97)
   Start at  04:39:52
   Duration  33.23s (transform 2.83s, setup 0ms, collect 30.40s, tests 172.37s, environment 5ms, prepare 3.82s)

JSON report written to /Users/mac/Projects/仟流智算-provider-finance-init-20260921/V4/Evidence/PROVIDER-FINANCE-INITIALIZATION-20260921/wp06-logs/6.2-worker-full.json
WORKER_EXIT=0
