# WP08 7.3 激活前静默演练（PFA-09）
# 时刻(UTC): 2026-09-22T10:58:13Z
# 候选镜像: qianliu-candidate/control-api:94482f06e5ac qianliu-candidate/control-api:c9bc9b93deb2 qianliu-candidate/gateway:94482f06e5ac qianliu-candidate/gateway:c9bc9b93deb2 qianliu-candidate/web:94482f06e5ac qianliu-candidate/web:c9bc9b93deb2 qianliu-candidate/worker:94482f06e5ac qianliu-candidate/worker:c9bc9b93deb2 
# 上游: 仅本地桩 http://127.0.0.1:9299（记录每次入站调用）；无公网端口；无真实厂商请求

=============== 0. 基线与清理：本机全部合成企业均无有效静默租约 ===============
  A: status=EXPIRED active=False drained=True
  C: status=RELEASED active=False drained=True
  E: status=RELEASED active=False drained=True
  F: status=RELEASED active=False drained=True
  基线：A ai_request=17；E finance_event=0 ledger_line=0

=============== 1. [A] 静默租约时长边界：上限 60 分钟 ===============
  duration_seconds=3601  -> 400  {"error":"invalid_request","message":"Too big: expected number to be <=3600"}
  [PASS] 越界时长 3601 被拒 = 400
  duration_seconds=0     -> 400  {"error":"invalid_request","message":"Too small: expected number to be >0"}
  [PASS] 越界时长 0 被拒 = 400
  duration_seconds=-5    -> 400  {"error":"invalid_request","message":"Too small: expected number to be >0"}
  [PASS] 越界时长 -5 被拒 = 400
  [PASS] 上限时长 3600 接受 = 201
  [PASS] 租约时长恰为 3600 秒 = 3600
  lease started_at=2026-09-22T10:58:16.418Z expires_at=2026-09-22T11:58:16.418Z status=ACTIVE

=============== 2. [A] 静默期内 Gateway admission 零上游 ===============
  [PASS] 静默期内模型调用被拦 = 503
  [PASS] 错误码为 enterprise_maintenance = enterprise_maintenance
  [PASS] 标注 retryable = True
  [PASS] maintenance_until = 租约到期时间 = 2026-09-22T11:58:16.418Z
  [PASS] retry-after: 60 = 60
  [PASS] 桩上游命中数（零上游） = 0
  [PASS] ai_request 无新增 = 17
  [PASS] upstream_attempt 无新增 = 17
  [PASS] usage_event 无新增 = 17
  [PASS] ledger_line 无新增 = 17
  [PASS] 只读元数据 /v1/models 不受门禁 = 200
  503 响应体（脱敏，无凭证）：{"error":{"message":"该企业正在进行资金账本初始化静默期，暂时停止新的模型调用，请稍后重试","type":"service_unavailable_error","code":"enterprise_maintenance","param":null,"retryable":true,"request_id":"d4054c1b-7c84-4f7a-9162-e636c45ca08c","maintenance_until":"2026-09-22T11:58:16.418Z"}}

=============== 3. [A] 在途请求继续排空 ===============
  [PASS] 解除租约（带原因） = 200
  [PASS] 在途请求提交后建立 600 秒静默租约 = 201
  租约生效瞬间：active=True remaining=599s in_progress_requests=1
  [PASS] 在途请求被观测到（in_progress_requests=1 ≥ 1）
  [PASS] 在途未排空时预检失败关闭 = 409
  [PASS] 错误码 activation_not_quiescent = activation_not_quiescent
  [PASS] 拒绝原因指向在途未排空 含 "在途"
  [PASS] 静默期内新请求仍被拦 = 503
  [PASS] 在途慢响应正常完成（未被门禁中止） = 200
  [PASS] 在途响应来自桩上游 含 "wp08-stub-ok"
  [PASS] 在途请求已完成（排空） = 0
  [PASS] 未配对用量行=0 = 0
  [PASS] 待结算交易=0 = 0
  [PASS] 排空判定 drained = True
  [PASS] 桩命中数=1（仅放行的在途请求；被拦请求零上游） = 1
  在途排空阻塞响应（脱敏）：{"error":"activation_not_quiescent","message":"仍存在在途请求、未结束尝试或待结算交易，排空未完成","retryable":false,"detail":{"in_progress_requests":1,"open_attempts":1,"unpaired_usage_lines":0,"pending_ledger_transactions":0,"exonerated_usage_lines":0,"drained":false}}

=============== 4. [A] Worker 共享门禁：静默企业被跳过 ===============
  {
      "quiescentIds": [
          "11111111-1111-4111-8111-111111111111"
      ],
      "tick": {
          "scanned": 0,
          "created": 0,
          "failures": [],
          "skippedQuiescentEnterprises": []
      }
  }
  [PASS] Worker 门禁（listQuiescentEnterpriseIds）恰好只列出本轮静默企业 A = ["11111111-1111-4111-8111-111111111111"]
  [PASS] 600 秒租约仍有充足剩余（insufficient=false） = False
  [PASS] 剩余时间约 600 秒 = 590 (∈[560,600])

=============== 5. [A] 租约到期自动恢复 ===============
  [PASS] 控制面租约自动转为 EXPIRED = EXPIRED
  [PASS] active=false = False
  [PASS] activation-state 亦显示 active=false = False
  [PASS] strict_writes_enabled 未被静默演练改变 = False
  [PASS] 到期后数据面流量自动恢复（不再 503） = 200
  [PASS] 到期后桩上游收到 1 次调用 = 1
  Worker 门禁（到期后）: []
  [PASS] 到期后企业 A 不再被 Worker 门禁跳过

=============== 6. [E] 该租约下生成的旧候选在租约过期后不得继续激活 ===============
  [PASS] 建立 3600 秒静默租约（E） = 201
  [PASS] 预检返回 200 = 200
  [PASS] 预检结论 GO_CANDIDATE = GO_CANDIDATE
  candidate_id=27a14975-fe9f-4b83-b274-6c079013429f
  candidate_hash=665a9f92faa887f76b4b2e17664eb91bda5b1c88f5fd3629bcc900eaa34e54a1
  preview_committed_at=2026-09-22T10:58:34.231Z
  expires_at=2026-09-22T11:28:34.231Z
  [PASS] 候选 TTL 恰为 1800 秒（30 分钟） = 1800
  [PASS] 库层 expires_at=created_at+30min（CHECK 强制） = true
  [PASS] 连续读取不滑动 TTL = 2026-09-22T11:28:34.231Z
  [PASS] 失败探针（哈希不符）失败关闭 = 409
  [PASS] 失败探针错误码 candidate_stale = candidate_stale
  [PASS] 失败探针后 TTL 仍不滑动 = 2026-09-22T11:28:34.231Z
  [PASS] TTL 由库层 CHECK 固定（读取/失败/重放均不能延长） = true
  [PASS] 候选当前仍在有效 TTL 内 = true
  [PASS] 租约过期后旧候选激活被拒 = 409
  [PASS] 错误码 activation_not_quiescent = activation_not_quiescent
  [PASS] 候选仍在有效 TTL 内（证明拒绝来自租约而非候选） = true
  [PASS] 候选状态仍为 PREVIEWED = PREVIEWED
  [PASS] 未发生任何资金写入（finance_event） = 0
  [PASS] 未发生任何账本写入（ledger_line） = 0
  [PASS] strict_writes_enabled 仍未开启 = False
  拒绝响应（脱敏）：{"error":"activation_not_quiescent","message":"企业静默租约未处于有效状态，请重新建立静默期并重新预检","retryable":false}

=============== 7. [E] 激活需剩余 ≥5 分钟 ===============
  [PASS] 重建 3600 秒租约 = 201
  [PASS] 剩余时间约 120 秒 = 119 (∈[100,140])
  [PASS] 标记为不足以激活 = True
  [PASS] 剩余不足 5 分钟时激活被拒 = 409
  [PASS] 错误码 activation_not_quiescent = activation_not_quiescent
  [PASS] 提示重新建立静默期 含 "静默期"
  [PASS] 返回剩余秒数约 120 = 119 (∈[100,140])
  [PASS] 仍未发生资金写入 = 0
  拒绝响应（脱敏）：{"error":"activation_not_quiescent","message":"静默租约剩余时间不足 5 分钟，请重新建立静默期和候选","retryable":false,"detail":{"remainingSeconds":119}}

=============== 8. [C] 候选 TTL 30 分钟：过期候选不可激活 ===============
  [PASS] 建立 3600 秒租约（C） = 201
  [PASS] 预检成功（C） = 200
  [PASS] 候选 TTL 由库层 CHECK 固定为 30 分钟 = true
  前移候选行 id=999db573-1ab1-4725-bf1e-ea05d2ed951e（created_at=now()-31min；原行已按本地时钟注入移除）
  [PASS] 前移候选仍满足库层 TTL CHECK = true
  [PASS] 前移候选已过期 = true
  [PASS] 成为该企业最新候选（activation-state 可见且已标记过期） = 999db573-1ab1-4725-bf1e-ea05d2ed951e|True
  [PASS] 过期候选激活被拒 = 409
  [PASS] 错误码 candidate_expired = candidate_expired
  [PASS] 未发生资金写入（C） = 0
  [PASS] strict_writes_enabled 未开启（C） = False
  拒绝响应（脱敏）：{"error":"candidate_expired","message":"候选已过期，请重新预检","retryable":false}

=============== 9. [P4] 正向路径：TTL 内 + 剩余 ≥5 分钟 → 激活成功与幂等重放 ===============
  本次正向激活企业：P4 = 77777777-0000-4000-8000-000000000071（池中首个尚未激活者）
  [PASS] 建立 3600 秒静默租约（P4） = 201
  [PASS] 激活前 strict_writes_enabled=false = False
  [PASS] 激活前无已激活回执 = 
  [PASS] 预检成功（F） = 200
  [PASS] 预检结论 GO_CANDIDATE（F） = GO_CANDIDATE
  [PASS] 静默租约剩余充足（insufficient=false） = False
  [PASS] 激活成功 = 200
  [PASS] 非重放（首次） = False
  [PASS] 回执守恒通过 = True
  回执：candidate_id=b90c3215-a974-411d-a117-b590e9bbdbfd activatedAt=2026-09-22T10:58:39.893Z factCounts={'openings': 0, 'recharges': 0, 'purchases': 0, 'carryovers': 0, 'legacyResolutions': 0, 'usageRepairs': 0}
  [PASS] 相同幂等键重放成功 = 200
  [PASS] 标记为重放 = True
  [PASS] 重放回执与首次一致 = 2026-09-22T10:58:39.893Z
  [PASS] strict_writes_enabled 已开启 = True
  [PASS] activation_receipt 已落库 = True
  [PASS] activated_at 已落库 = 2026-09-22T10:58:39.893Z
  [PASS] 库层 strict_writes_enabled=true = true
  [PASS] 候选行状态 ACTIVATED = ACTIVATED
-- 附加观测：激活终态不可逆（同企业不可再创建候选；租约仍有效，故先过静默门禁才会到该判定）
  [PASS] 已激活企业不可重复创建初始化候选 = 409
  [PASS] 错误码 already_activated = already_activated

=============== 10. [P4] Worker 自动续订：静默期跳过 → 到期自动恢复 ===============
-- 建合成订阅（CODING_PLAN，周期 [上海昨日零点, 上海今日零点) ）
  WP08JSON {"mode":"fixture","todayShanghai":"2026-09-22","templatePeriod":["2026-09-20T16:00:00.000Z","2026-09-21T16:00:00.000Z"],"eventId":"dc277efc-ef3e-4cd8-b52d-b108fa6eebce","resourceId":"77777777-3333-4333-8333-77770000aa02"}
  -- fixture:
  {
   "mode": "fixture",
   "todayShanghai": "2026-09-22",
   "templatePeriod": [
    "2026-09-20T16:00:00.000Z",
    "2026-09-21T16:00:00.000Z"
   ],
   "eventId": "dc277efc-ef3e-4cd8-b52d-b108fa6eebce",
   "resourceId": "77777777-3333-4333-8333-77770000aa02"
  }
  [PASS] 合成订阅已写入 含 "templatePeriod"
  [PASS] 自动续订窗口已到期（scanned ≥ 1） = 1
-- 建立静默租约（F）后跑一次真实 Worker tick
  [PASS] 建立 3600 秒静默租约（F） = 201
  WP08JSON {"tick":{"scanned":1,"created":0,"failures":[],"skippedQuiescentEnterprises":["77777777-0000-4000-8000-000000000071"]}}
  -- tick:
  {
   "tick": {
    "scanned": 1,
    "created": 0,
    "failures": [],
    "skippedQuiescentEnterprises": [
     "77777777-0000-4000-8000-000000000071"
    ]
   }
  }
  [PASS] 静默期 tick 未创建续订 = 0
  [PASS] 静默期 tick 将该企业列为跳过 含 "77777777-0000-4000-8000-000000000071"
-- 租约到期后（本地时钟注入）再跑一次 tick
  WP08JSON {"tick":{"scanned":1,"created":1,"failures":[],"skippedQuiescentEnterprises":[]}}
  -- tick:
  {
   "tick": {
    "scanned": 1,
    "created": 1,
    "failures": [],
    "skippedQuiescentEnterprises": []
   }
  }
  [PASS] 到期后 tick 自动恢复并创建 1 条续订 = 1
  [PASS] 到期后不再列为跳过 = []
  WP08JSON {"events":[{"id":"dc277efc-ef3e-4cd8-b52d-b108fa6eebce","event_type":"CODING_PLAN_PURCHASE","source":"ADMIN","cash_paid_cny":"199.00000000","occurred_at":"2026-09-20T16:00:00.000Z"},{"id":"025435cc-5c06-41c2-8a34-cf7cec5b727c","event_type":"CODING_PLAN_RENEWAL","source":"SYSTEM_RENEWAL","cash_paid_cny":"199.00000000","occurred_at":"2026-09-21T16:00:00.000Z"}]}
  -- events:
  {
   "events": [
    {
     "id": "dc277efc-ef3e-4cd8-b52d-b108fa6eebce",
     "event_type": "CODING_PLAN_PURCHASE",
     "source": "ADMIN",
     "cash_paid_cny": "199.00000000",
     "occurred_at": "2026-09-20T16:00:00.000Z"
    },
    {
     "id": "025435cc-5c06-41c2-8a34-cf7cec5b727c",
     "event_type": "CODING_PLAN_RENEWAL",
     "source": "SYSTEM_RENEWAL",
     "cash_paid_cny": "199.00000000",
     "occurred_at": "2026-09-21T16:00:00.000Z"
    }
   ]
  }
  [PASS] 存在 SYSTEM_RENEWAL 资金事件（续订已真实落库） 含 "SYSTEM_RENEWAL"
  [PASS] 续订事件恰好 1 条 = 1
  [PASS] 重复 tick 不重复扣费（幂等） = 0

=============== 11. 收尾：清理演练租约（不改动任何资金事实） ===============
  release(A) -> 400
  release(C) -> 200
  release(E) -> 200
  release(P4) -> 400
  演练涉及企业的 strict_writes_enabled（终态）：
    A = False
    C = False
    E = False
    P4 = True
  A/C/E 全程 false（演练零资金写入）；P4 为本地合成企业上的一次性正向激活（不可逆，仅本地一次性库）。

# 结束(UTC): 2026-09-22T10:58:49Z
# 断言汇总: PASS=105 FAIL=0
# RESULT: GO
